Archive member included to satisfy reference by file (symbol)

/opt/homebrew/Cellar/arm-none-eabi-gcc/10.3-2021.07/gcc/bin/../lib/gcc/arm-none-eabi/10.3.1/thumb/v7e-m/nofp/libgcc.a(_arm_muldf3.o)
                              CMakeFiles/Servo_Drive.elf.dir/Lib/Src/servo.c.obj (__aeabi_dmul)
/opt/homebrew/Cellar/arm-none-eabi-gcc/10.3-2021.07/gcc/bin/../lib/gcc/arm-none-eabi/10.3.1/thumb/v7e-m/nofp/libgcc.a(_arm_addsubdf3.o)
                              CMakeFiles/Servo_Drive.elf.dir/Lib/Src/servo.c.obj (__aeabi_dadd)
/opt/homebrew/Cellar/arm-none-eabi-gcc/10.3-2021.07/gcc/bin/../lib/gcc/arm-none-eabi/10.3.1/thumb/v7e-m/nofp/libgcc.a(_arm_fixunsdfsi.o)
                              CMakeFiles/Servo_Drive.elf.dir/Lib/Src/servo.c.obj (__aeabi_d2uiz)
/opt/homebrew/Cellar/arm-none-eabi-gcc/10.3-2021.07/gcc/bin/../lib/gcc/arm-none-eabi/10.3.1/thumb/v7e-m/nofp/libgcc.a(_arm_truncdfsf2.o)
                              CMakeFiles/Servo_Drive.elf.dir/Lib/Src/servo.c.obj (__aeabi_d2f)
/opt/homebrew/Cellar/arm-none-eabi-gcc/10.3-2021.07/gcc/bin/../lib/gcc/arm-none-eabi/10.3.1/thumb/v7e-m/nofp/libgcc.a(_aeabi_uldivmod.o)
                              CMakeFiles/Servo_Drive.elf.dir/Drivers/STM32F4xx_HAL_Driver/Src/stm32f4xx_hal_rcc.c.obj (__aeabi_uldivmod)
/opt/homebrew/Cellar/arm-none-eabi-gcc/10.3-2021.07/gcc/bin/../lib/gcc/arm-none-eabi/10.3.1/thumb/v7e-m/nofp/libgcc.a(_udivmoddi4.o)
                              /opt/homebrew/Cellar/arm-none-eabi-gcc/10.3-2021.07/gcc/bin/../lib/gcc/arm-none-eabi/10.3.1/thumb/v7e-m/nofp/libgcc.a(_aeabi_uldivmod.o) (__udivmoddi4)
/opt/homebrew/Cellar/arm-none-eabi-gcc/10.3-2021.07/gcc/bin/../lib/gcc/arm-none-eabi/10.3.1/thumb/v7e-m/nofp/libgcc.a(_dvmd_tls.o)
                              /opt/homebrew/Cellar/arm-none-eabi-gcc/10.3-2021.07/gcc/bin/../lib/gcc/arm-none-eabi/10.3.1/thumb/v7e-m/nofp/libgcc.a(_aeabi_uldivmod.o) (__aeabi_ldiv0)
/opt/homebrew/Cellar/arm-none-eabi-gcc/10.3-2021.07/gcc/bin/../lib/gcc/arm-none-eabi/10.3.1/../../../../arm-none-eabi/lib/thumb/v7e-m/nofp/libg.a(lib_a-errno.o)
                              CMakeFiles/Servo_Drive.elf.dir/Src/syscalls.c.obj (__errno)
/opt/homebrew/Cellar/arm-none-eabi-gcc/10.3-2021.07/gcc/bin/../lib/gcc/arm-none-eabi/10.3.1/../../../../arm-none-eabi/lib/thumb/v7e-m/nofp/libg.a(lib_a-exit.o)
                              /opt/homebrew/Cellar/arm-none-eabi-gcc/10.3-2021.07/gcc/bin/../lib/gcc/arm-none-eabi/10.3.1/../../../../arm-none-eabi/lib/thumb/v7e-m/nofp/crt0.o (exit)
/opt/homebrew/Cellar/arm-none-eabi-gcc/10.3-2021.07/gcc/bin/../lib/gcc/arm-none-eabi/10.3.1/../../../../arm-none-eabi/lib/thumb/v7e-m/nofp/libg.a(lib_a-impure.o)
                              /opt/homebrew/Cellar/arm-none-eabi-gcc/10.3-2021.07/gcc/bin/../lib/gcc/arm-none-eabi/10.3.1/../../../../arm-none-eabi/lib/thumb/v7e-m/nofp/libg.a(lib_a-exit.o) (_global_impure_ptr)
/opt/homebrew/Cellar/arm-none-eabi-gcc/10.3-2021.07/gcc/bin/../lib/gcc/arm-none-eabi/10.3.1/../../../../arm-none-eabi/lib/thumb/v7e-m/nofp/libg.a(lib_a-init.o)
                              /opt/homebrew/Cellar/arm-none-eabi-gcc/10.3-2021.07/gcc/bin/../lib/gcc/arm-none-eabi/10.3.1/../../../../arm-none-eabi/lib/thumb/v7e-m/nofp/crt0.o (__libc_init_array)
/opt/homebrew/Cellar/arm-none-eabi-gcc/10.3-2021.07/gcc/bin/../lib/gcc/arm-none-eabi/10.3.1/../../../../arm-none-eabi/lib/thumb/v7e-m/nofp/libg.a(lib_a-memcpy.o)
                              CMakeFiles/Servo_Drive.elf.dir/Lib/Src/dynamixel2.c.obj (memcpy)
/opt/homebrew/Cellar/arm-none-eabi-gcc/10.3-2021.07/gcc/bin/../lib/gcc/arm-none-eabi/10.3.1/../../../../arm-none-eabi/lib/thumb/v7e-m/nofp/libg.a(lib_a-memmove.o)
                              CMakeFiles/Servo_Drive.elf.dir/Lib/Src/dynamixel2.c.obj (memmove)
/opt/homebrew/Cellar/arm-none-eabi-gcc/10.3-2021.07/gcc/bin/../lib/gcc/arm-none-eabi/10.3.1/../../../../arm-none-eabi/lib/thumb/v7e-m/nofp/libg.a(lib_a-memset.o)
                              /opt/homebrew/Cellar/arm-none-eabi-gcc/10.3-2021.07/gcc/bin/../lib/gcc/arm-none-eabi/10.3.1/../../../../arm-none-eabi/lib/thumb/v7e-m/nofp/crt0.o (memset)
/opt/homebrew/Cellar/arm-none-eabi-gcc/10.3-2021.07/gcc/bin/../lib/gcc/arm-none-eabi/10.3.1/../../../../arm-none-eabi/lib/thumb/v7e-m/nofp/libg.a(lib_a-__call_atexit.o)
                              /opt/homebrew/Cellar/arm-none-eabi-gcc/10.3-2021.07/gcc/bin/../lib/gcc/arm-none-eabi/10.3.1/../../../../arm-none-eabi/lib/thumb/v7e-m/nofp/libg.a(lib_a-exit.o) (__call_exitprocs)
/opt/homebrew/Cellar/arm-none-eabi-gcc/10.3-2021.07/gcc/bin/../lib/gcc/arm-none-eabi/10.3.1/../../../../arm-none-eabi/lib/thumb/v7e-m/nofp/libg.a(lib_a-atexit.o)
                              /opt/homebrew/Cellar/arm-none-eabi-gcc/10.3-2021.07/gcc/bin/../lib/gcc/arm-none-eabi/10.3.1/../../../../arm-none-eabi/lib/thumb/v7e-m/nofp/libg.a(lib_a-__call_atexit.o) (atexit)
/opt/homebrew/Cellar/arm-none-eabi-gcc/10.3-2021.07/gcc/bin/../lib/gcc/arm-none-eabi/10.3.1/../../../../arm-none-eabi/lib/thumb/v7e-m/nofp/libg.a(lib_a-fini.o)
[...]
Memory Configuration

Name             Origin             Length             Attributes
RAM              0x0000000020000000 0x0000000000030000 xrw
CCMRAM           0x0000000010000000 0x0000000000010000 xrw
FLASH            0x0000000008000000 0x0000000000200000 xr
*default*        0x0000000000000000 0xffffffffffffffff

Linker script and memory map

LOAD /opt/homebrew/Cellar/arm-none-eabi-gcc/10.3-2021.07/gcc/bin/../lib/gcc/arm-none-eabi/10.3.1/thumb/v7e-m/nofp/crti.o
LOAD /opt/homebrew/Cellar/arm-none-eabi-gcc/10.3-2021.07/gcc/bin/../lib/gcc/arm-none-eabi/10.3.1/thumb/v7e-m/nofp/crtbegin.o
LOAD /opt/homebrew/Cellar/arm-none-eabi-gcc/10.3-2021.07/gcc/bin/../lib/gcc/arm-none-eabi/10.3.1/../../../../arm-none-eabi/lib/thumb/v7e-m/nofp/crt0.o
LOAD CMakeFiles/Servo_Drive.elf.dir/Drivers/STM32F4xx_HAL_Driver/Src/stm32f4xx_hal.c.obj
LOAD CMakeFiles/Servo_Drive.elf.dir/Drivers/STM32F4xx_HAL_Driver/Src/stm32f4xx_hal_cortex.c.obj
LOAD CMakeFiles/Servo_Drive.elf.dir/Drivers/STM32F4xx_HAL_Driver/Src/stm32f4xx_hal_dma.c.obj
LOAD CMakeFiles/Servo_Drive.elf.dir/Drivers/STM32F4xx_HAL_Driver/Src/stm32f4xx_hal_dma_ex.c.obj
LOAD CMakeFiles/Servo_Drive.elf.dir/Drivers/STM32F4xx_HAL_Driver/Src/stm32f4xx_hal_exti.c.obj
LOAD CMakeFiles/Servo_Drive.elf.dir/Drivers/STM32F4xx_HAL_Driver/Src/stm32f4xx_hal_flash.c.obj
LOAD CMakeFiles/Servo_Drive.elf.dir/Drivers/STM32F4xx_HAL_Driver/Src/stm32f4xx_hal_flash_ex.c.obj
LOAD CMakeFiles/Servo_Drive.elf.dir/Drivers/STM32F4xx_HAL_Driver/Src/stm32f4xx_hal_flash_ramfunc.c.obj
LOAD CMakeFiles/Servo_Drive.elf.dir/Drivers/STM32F4xx_HAL_Driver/Src/stm32f4xx_hal_gpio.c.obj
LOAD CMakeFiles/Servo_Drive.elf.dir/Drivers/STM32F4xx_HAL_Driver/Src/stm32f4xx_hal_pwr.c.obj
LOAD CMakeFiles/Servo_Drive.elf.dir/Drivers/STM32F4xx_HAL_Driver/Src/stm32f4xx_hal_pwr_ex.c.obj
LOAD CMakeFiles/Servo_Drive.elf.dir/Drivers/STM32F4xx_HAL_Driver/Src/stm32f4xx_hal_rcc.c.obj
LOAD CMakeFiles/Servo_Drive.elf.dir/Drivers/STM32F4xx_HAL_Driver/Src/stm32f4xx_hal_rcc_ex.c.obj
LOAD CMakeFiles/Servo_Drive.elf.dir/Drivers/STM32F4xx_HAL_Driver/Src/stm32f4xx_hal_tim.c.obj
LOAD CMakeFiles/Servo_Drive.elf.dir/Drivers/STM32F4xx_HAL_Driver/Src/stm32f4xx_hal_tim_ex.c.obj
LOAD CMakeFiles/Servo_Drive.elf.dir/Drivers/STM32F4xx_HAL_Driver/Src/stm32f4xx_hal_uart.c.obj
LOAD CMakeFiles/Servo_Drive.elf.dir/Lib/Src/dynamixel2.c.obj
LOAD CMakeFiles/Servo_Drive.elf.dir/Lib/Src/servo.c.obj
LOAD CMakeFiles/Servo_Drive.elf.dir/Src/dma.c.obj
LOAD CMakeFiles/Servo_Drive.elf.dir/Src/gpio.c.obj
LOAD CMakeFiles/Servo_Drive.elf.dir/Src/main.c.obj
LOAD CMakeFiles/Servo_Drive.elf.dir/Src/stm32f4xx_hal_msp.c.obj
LOAD CMakeFiles/Servo_Drive.elf.dir/Src/stm32f4xx_it.c.obj
LOAD CMakeFiles/Servo_Drive.elf.dir/Src/syscalls.c.obj
LOAD CMakeFiles/Servo_Drive.elf.dir/Src/system_stm32f4xx.c.obj
LOAD CMakeFiles/Servo_Drive.elf.dir/Src/usart.c.obj
LOAD CMakeFiles/Servo_Drive.elf.dir/startup/startup_stm32f427xx.s.obj
START GROUP
LOAD /opt/homebrew/Cellar/arm-none-eabi-gcc/10.3-2021.07/gcc/bin/../lib/gcc/arm-none-eabi/10.3.1/thumb/v7e-m/nofp/libgcc.a
LOAD /opt/homebrew/Cellar/arm-none-eabi-gcc/10.3-2021.07/gcc/bin/../lib/gcc/arm-none-eabi/10.3.1/../../../../arm-none-eabi/lib/thumb/v7e-m/nofp/libg.a
LOAD /opt/homebrew/Cellar/arm-none-eabi-gcc/10.3-2021.07/gcc/bin/../lib/gcc/arm-none-eabi/10.3.1/../../../../arm-none-eabi/lib/thumb/v7e-m/nofp/libc.a
END GROUP
LOAD /opt/homebrew/Cellar/arm-none-eabi-gcc/10.3-2021.07/gcc/bin/../lib/gcc/arm-none-eabi/10.3.1/thumb/v7e-m/nofp/crtend.o
LOAD /opt/homebrew/Cellar/arm-none-eabi-gcc/10.3-2021.07/gcc/bin/../lib/gcc/arm-none-eabi/10.3.1/thumb/v7e-m/nofp/crtn.o
                0x0000000020030000                _estack = 0x20030000
                0x0000000000000200                _Min_Heap_Size = 0x200
                0x0000000000000400                _Min_Stack_Size = 0x400

.isr_vector     0x0000000008000000      0x1ac
                0x0000000008000000                . = ALIGN (0x4)
 *(.isr_vector)
 .isr_vector    0x0000000008000000      0x1ac CMakeFiles/Servo_Drive.elf.dir/startup/startup_stm32f427xx.s.obj
                0x0000000008000000                g_pfnVectors
                0x00000000080001ac                . = ALIGN (0x4)

.text           0x00000000080001ac     0x21a0
                0x00000000080001ac                . = ALIGN (0x4)
 *(.text)
 .text          0x00000000080001ac       0x40 /opt/homebrew/Cellar/arm-none-eabi-gcc/10.3-2021.07/gcc/bin/../lib/gcc/arm-none-eabi/10.3.1/thumb/v7e-m/nofp/crtbegin.o
 .text          0x00000000080001ec       0x30 /opt/homebrew/Cellar/arm-none-eabi-gcc/10.3-2021.07/gcc/bin/../lib/gcc/arm-none-eabi/10.3.1/thumb/v7e-m/nofp/libgcc.a(_aeabi_uldivmod.o)
                0x00000000080001ec                __aeabi_uldivmod
 .text          0x000000000800021c      0x2d0 /opt/homebrew/Cellar/arm-none-eabi-gcc/10.3-2021.07/gcc/bin/../lib/gcc/arm-none-eabi/10.3.1/thumb/v7e-m/nofp/libgcc.a(_udivmoddi4.o)
                0x000000000800021c                __udivmoddi4
 .text          0x00000000080004ec        0x4 /opt/homebrew/Cellar/arm-none-eabi-gcc/10.3-2021.07/gcc/bin/../lib/gcc/arm-none-eabi/10.3.1/thumb/v7e-m/nofp/libgcc.a(_dvmd_tls.o)
                0x00000000080004ec                __aeabi_ldiv0
                0x00000000080004ec                __aeabi_idiv0
 .text          0x00000000080004f0      0x134 /opt/homebrew/Cellar/arm-none-eabi-gcc/10.3-2021.07/gcc/bin/../lib/gcc/arm-none-eabi/10.3.1/../../../../arm-none-eabi/lib/thumb/v7e-m/nofp/libg.a(lib_a-memcpy.o)
                0x00000000080004f0                memcpy
 *(.text*)
 .text.HAL_InitTick
                0x0000000008000624       0x4c CMakeFiles/Servo_Drive.elf.dir/Drivers/STM32F4xx_HAL_Driver/Src/stm32f4xx_hal.c.obj
                0x0000000008000624                HAL_InitTick
 .text.HAL_Init
                0x0000000008000670       0x34 CMakeFiles/Servo_Drive.elf.dir/Drivers/STM32F4xx_HAL_Driver/Src/stm32f4xx_hal.c.obj
                0x0000000008000670                HAL_Init
 .text.HAL_IncTick
                0x00000000080006a4       0x18 CMakeFiles/Servo_Drive.elf.dir/Drivers/STM32F4xx_HAL_Driver/Src/stm32f4xx_hal.c.obj
                0x00000000080006a4                HAL_IncTick
 .text.HAL_GetTick
                0x00000000080006bc        0xc CMakeFiles/Servo_Drive.elf.dir/Drivers/STM32F4xx_HAL_Driver/Src/stm32f4xx_hal.c.obj
                0x00000000080006bc                HAL_GetTick
 .text.HAL_Delay
                0x00000000080006c8       0x28 CMakeFiles/Servo_Drive.elf.dir/Drivers/STM32F4xx_HAL_Driver/Src/stm32f4xx_hal.c.obj
                0x00000000080006c8                HAL_Delay
 .text.HAL_NVIC_SetPriorityGrouping
                0x00000000080006f0       0x24 CMakeFiles/Servo_Drive.elf.dir/Drivers/STM32F4xx_HAL_Driver/Src/stm32f4xx_hal_cortex.c.obj
                0x00000000080006f0                HAL_NVIC_SetPriorityGrouping
 .text.HAL_NVIC_SetPriority
                0x0000000008000714       0x70 CMakeFiles/Servo_Drive.elf.dir/Drivers/STM32F4xx_HAL_Driver/Src/stm32f4xx_hal_cortex.c.obj
                0x0000000008000714                HAL_NVIC_SetPriority
 .text.HAL_NVIC_EnableIRQ
                0x0000000008000784       0x1c CMakeFiles/Servo_Drive.elf.dir/Drivers/STM32F4xx_HAL_Driver/Src/stm32f4xx_hal_cortex.c.obj
                0x0000000008000784                HAL_NVIC_EnableIRQ
 .text.HAL_SYSTICK_Config
                0x00000000080007a0       0x28 CMakeFiles/Servo_Drive.elf.dir/Drivers/STM32F4xx_HAL_Driver/Src/stm32f4xx_hal_cortex.c.obj
                0x00000000080007a0                HAL_SYSTICK_Config
 .text.DMA_CalcBaseAndBitshift
                0x00000000080007c8       0x40 CMakeFiles/Servo_Drive.elf.dir/Drivers/STM32F4xx_HAL_Driver/Src/stm32f4xx_hal_dma.c.obj
 .text.DMA_CheckFifoParam
                0x0000000008000808       0x8e CMakeFiles/Servo_Drive.elf.dir/Drivers/STM32F4xx_HAL_Driver/Src/stm32f4xx_hal_dma.c.obj
 *fill*         0x0000000008000896        0x2 
 .text.HAL_DMA_Init
                0x0000000008000898       0xcc CMakeFiles/Servo_Drive.elf.dir/Drivers/STM32F4xx_HAL_Driver/Src/stm32f4xx_hal_dma.c.obj
                0x0000000008000898                HAL_DMA_Init
 .text.HAL_DMA_Abort
                0x0000000008000964       0x94 CMakeFiles/Servo_Drive.elf.dir/Drivers/STM32F4xx_HAL_Driver/Src/stm32f4xx_hal_dma.c.obj
                0x0000000008000964                HAL_DMA_Abort
 .text.HAL_DMA_Abort_IT
                0x00000000080009f8       0x26 CMakeFiles/Servo_Drive.elf.dir/Drivers/STM32F4xx_HAL_Driver/Src/stm32f4xx_hal_dma.c.obj
                0x00000000080009f8                HAL_DMA_Abort_IT
 *fill*         0x0000000008000a1e        0x2 
 .text.HAL_DMA_IRQHandler
                0x0000000008000a20      0x1dc CMakeFiles/Servo_Drive.elf.dir/Drivers/STM32F4xx_HAL_Driver/Src/stm32f4xx_hal_dma.c.obj
                0x0000000008000a20                HAL_DMA_IRQHandler
 .text.HAL_GPIO_Init
                0x0000000008000bfc      0x1fc CMakeFiles/Servo_Drive.elf.dir/Drivers/STM32F4xx_HAL_Driver/Src/stm32f4xx_hal_gpio.c.obj
                0x0000000008000bfc                HAL_GPIO_Init
 .text.HAL_GPIO_WritePin
                0x0000000008000df8        0xc CMakeFiles/Servo_Drive.elf.dir/Drivers/STM32F4xx_HAL_Driver/Src/stm32f4xx_hal_gpio.c.obj
                0x0000000008000df8                HAL_GPIO_WritePin
 .text.HAL_RCC_OscConfig
                0x0000000008000e04      0x3f8 CMakeFiles/Servo_Drive.elf.dir/Drivers/STM32F4xx_HAL_Driver/Src/stm32f4xx_hal_rcc.c.obj
                0x0000000008000e04                HAL_RCC_OscConfig
 .text.HAL_RCC_GetSysClockFreq
                0x00000000080011fc       0xa4 CMakeFiles/Servo_Drive.elf.dir/Drivers/STM32F4xx_HAL_Driver/Src/stm32f4xx_hal_rcc.c.obj
                0x00000000080011fc                HAL_RCC_GetSysClockFreq
 .text.HAL_RCC_ClockConfig
                0x00000000080012a0      0x160 CMakeFiles/Servo_Drive.elf.dir/Drivers/STM32F4xx_HAL_Driver/Src/stm32f4xx_hal_rcc.c.obj
                0x00000000080012a0                HAL_RCC_ClockConfig
 .text.HAL_RCC_GetHCLKFreq
                0x0000000008001400        0xc CMakeFiles/Servo_Drive.elf.dir/Drivers/STM32F4xx_HAL_Driver/Src/stm32f4xx_hal_rcc.c.obj
                0x0000000008001400                HAL_RCC_GetHCLKFreq
 .text.HAL_RCC_GetPCLK1Freq
                0x000000000800140c       0x20 CMakeFiles/Servo_Drive.elf.dir/Drivers/STM32F4xx_HAL_Driver/Src/stm32f4xx_hal_rcc.c.obj
                0x000000000800140c                HAL_RCC_GetPCLK1Freq
 .text.HAL_RCC_GetPCLK2Freq
                0x000000000800142c       0x20 CMakeFiles/Servo_Drive.elf.dir/Drivers/STM32F4xx_HAL_Driver/Src/stm32f4xx_hal_rcc.c.obj
                0x000000000800142c                HAL_RCC_GetPCLK2Freq
 .text.UART_EndRxTransfer
                0x000000000800144c       0x5c CMakeFiles/Servo_Drive.elf.dir/Drivers/STM32F4xx_HAL_Driver/Src/stm32f4xx_hal_uart.c.obj
 .text.UART_Transmit_IT
                0x00000000080014a8       0x60 CMakeFiles/Servo_Drive.elf.dir/Drivers/STM32F4xx_HAL_Driver/Src/stm32f4xx_hal_uart.c.obj
 .text.UART_SetConfig
                0x0000000008001508      0x110 CMakeFiles/Servo_Drive.elf.dir/Drivers/STM32F4xx_HAL_Driver/Src/stm32f4xx_hal_uart.c.obj
 .text.UART_WaitOnFlagUntilTimeout
                0x0000000008001618       0x88 CMakeFiles/Servo_Drive.elf.dir/Drivers/STM32F4xx_HAL_Driver/Src/stm32f4xx_hal_uart.c.obj
 .text.HAL_HalfDuplex_Init
                0x00000000080016a0       0x6a CMakeFiles/Servo_Drive.elf.dir/Drivers/STM32F4xx_HAL_Driver/Src/stm32f4xx_hal_uart.c.obj
                0x00000000080016a0                HAL_HalfDuplex_Init
 .text.HAL_UART_Transmit
                0x000000000800170a       0xd8 CMakeFiles/Servo_Drive.elf.dir/Drivers/STM32F4xx_HAL_Driver/Src/stm32f4xx_hal_uart.c.obj
                0x000000000800170a                HAL_UART_Transmit
 .text.HAL_UART_TxCpltCallback
                0x00000000080017e2        0x2 CMakeFiles/Servo_Drive.elf.dir/Drivers/STM32F4xx_HAL_Driver/Src/stm32f4xx_hal_uart.c.obj
                0x00000000080017e2                HAL_UART_TxCpltCallback
 .text.UART_EndTransmit_IT
                0x00000000080017e4       0x1a CMakeFiles/Servo_Drive.elf.dir/Drivers/STM32F4xx_HAL_Driver/Src/stm32f4xx_hal_uart.c.obj
 .text.HAL_UART_RxCpltCallback
                0x00000000080017fe        0x2 CMakeFiles/Servo_Drive.elf.dir/Drivers/STM32F4xx_HAL_Driver/Src/stm32f4xx_hal_uart.c.obj
                0x00000000080017fe                HAL_UART_RxCpltCallback
 .text.HAL_UART_ErrorCallback
                0x0000000008001800        0x2 CMakeFiles/Servo_Drive.elf.dir/Drivers/STM32F4xx_HAL_Driver/Src/stm32f4xx_hal_uart.c.obj
                0x0000000008001800                HAL_UART_ErrorCallback
 .text.UART_DMAAbortOnError
                0x0000000008001802       0x10 CMakeFiles/Servo_Drive.elf.dir/Drivers/STM32F4xx_HAL_Driver/Src/stm32f4xx_hal_uart.c.obj
 .text.HAL_UARTEx_RxEventCallback
                0x0000000008001812        0x2 CMakeFiles/Servo_Drive.elf.dir/Drivers/STM32F4xx_HAL_Driver/Src/stm32f4xx_hal_uart.c.obj
                0x0000000008001812                HAL_UARTEx_RxEventCallback
 .text.UART_Receive_IT
                0x0000000008001814       0xe2 CMakeFiles/Servo_Drive.elf.dir/Drivers/STM32F4xx_HAL_Driver/Src/stm32f4xx_hal_uart.c.obj
 *fill*         0x00000000080018f6        0x2 
 .text.HAL_UART_IRQHandler
                0x00000000080018f8      0x280 CMakeFiles/Servo_Drive.elf.dir/Drivers/STM32F4xx_HAL_Driver/Src/stm32f4xx_hal_uart.c.obj
                0x00000000080018f8                HAL_UART_IRQHandler
 .text.HAL_HalfDuplex_EnableTransmitter
                0x0000000008001b78       0x36 CMakeFiles/Servo_Drive.elf.dir/Drivers/STM32F4xx_HAL_Driver/Src/stm32f4xx_hal_uart.c.obj
                0x0000000008001b78                HAL_HalfDuplex_EnableTransmitter
 .text.HAL_HalfDuplex_EnableReceiver
                0x0000000008001bae       0x36 CMakeFiles/Servo_Drive.elf.dir/Drivers/STM32F4xx_HAL_Driver/Src/stm32f4xx_hal_uart.c.obj
                0x0000000008001bae                HAL_HalfDuplex_EnableReceiver
 .text.update_crc
                0x0000000008001be4       0x48 CMakeFiles/Servo_Drive.elf.dir/Lib/Src/dynamixel2.c.obj
                0x0000000008001be4                update_crc
 .text.dxl_add_stuffing
                0x0000000008001c2c       0xec CMakeFiles/Servo_Drive.elf.dir/Lib/Src/dynamixel2.c.obj
                0x0000000008001c2c                dxl_add_stuffing
 .text.dxl2_tx_packet
                0x0000000008001d18       0x64 CMakeFiles/Servo_Drive.elf.dir/Lib/Src/dynamixel2.c.obj
                0x0000000008001d18                dxl2_tx_packet
 .text.dxl2_write_byte
                0x0000000008001d7c       0x20 CMakeFiles/Servo_Drive.elf.dir/Lib/Src/dynamixel2.c.obj
                0x0000000008001d7c                dxl2_write_byte
 .text.dxl2_write_dword
                0x0000000008001d9c       0x30 CMakeFiles/Servo_Drive.elf.dir/Lib/Src/dynamixel2.c.obj
                0x0000000008001d9c                dxl2_write_dword
 .text.Servo_Torque
                0x0000000008001dcc       0x2e CMakeFiles/Servo_Drive.elf.dir/Lib/Src/servo.c.obj
                0x0000000008001dcc                Servo_Torque
 .text.Servo_Goal_Position
                0x0000000008001dfa       0x16 CMakeFiles/Servo_Drive.elf.dir/Lib/Src/servo.c.obj
                0x0000000008001dfa                Servo_Goal_Position
 .text.MX_DMA_Init
                0x0000000008001e10       0x34 CMakeFiles/Servo_Drive.elf.dir/Src/dma.c.obj
                0x0000000008001e10                MX_DMA_Init
 .text.MX_GPIO_Init
                0x0000000008001e44       0x80 CMakeFiles/Servo_Drive.elf.dir/Src/gpio.c.obj
                0x0000000008001e44                MX_GPIO_Init
 .text.Error_Handler
                0x0000000008001ec4        0x4 CMakeFiles/Servo_Drive.elf.dir/Src/main.c.obj
                0x0000000008001ec4                Error_Handler
 .text.SystemClock_Config
                0x0000000008001ec8       0xa8 CMakeFiles/Servo_Drive.elf.dir/Src/main.c.obj
                0x0000000008001ec8                SystemClock_Config
 .text.main     0x0000000008001f70       0x38 CMakeFiles/Servo_Drive.elf.dir/Src/main.c.obj
                0x0000000008001f70                main
 .text.HAL_MspInit
                0x0000000008001fa8       0x38 CMakeFiles/Servo_Drive.elf.dir/Src/stm32f4xx_hal_msp.c.obj
                0x0000000008001fa8                HAL_MspInit
 .text.NMI_Handler
                0x0000000008001fe0        0x2 CMakeFiles/Servo_Drive.elf.dir/Src/stm32f4xx_it.c.obj
                0x0000000008001fe0                NMI_Handler
 .text.HardFault_Handler
                0x0000000008001fe2        0x2 CMakeFiles/Servo_Drive.elf.dir/Src/stm32f4xx_it.c.obj
                0x0000000008001fe2                HardFault_Handler
 .text.MemManage_Handler
                0x0000000008001fe4        0x2 CMakeFiles/Servo_Drive.elf.dir/Src/stm32f4xx_it.c.obj
                0x0000000008001fe4                MemManage_Handler
 .text.BusFault_Handler
                0x0000000008001fe6        0x2 CMakeFiles/Servo_Drive.elf.dir/Src/stm32f4xx_it.c.obj
                0x0000000008001fe6                BusFault_Handler
 .text.UsageFault_Handler
                0x0000000008001fe8        0x2 CMakeFiles/Servo_Drive.elf.dir/Src/stm32f4xx_it.c.obj
                0x0000000008001fe8                UsageFault_Handler
 .text.SVC_Handler
                0x0000000008001fea        0x2 CMakeFiles/Servo_Drive.elf.dir/Src/stm32f4xx_it.c.obj
                0x0000000008001fea                SVC_Handler
 .text.DebugMon_Handler
                0x0000000008001fec        0x2 CMakeFiles/Servo_Drive.elf.dir/Src/stm32f4xx_it.c.obj
                0x0000000008001fec                DebugMon_Handler
 .text.PendSV_Handler
                0x0000000008001fee        0x2 CMakeFiles/Servo_Drive.elf.dir/Src/stm32f4xx_it.c.obj
                0x0000000008001fee                PendSV_Handler
 .text.SysTick_Handler
                0x0000000008001ff0        0x8 CMakeFiles/Servo_Drive.elf.dir/Src/stm32f4xx_it.c.obj
                0x0000000008001ff0                SysTick_Handler
 .text.DMA2_Stream1_IRQHandler
                0x0000000008001ff8       0x10 CMakeFiles/Servo_Drive.elf.dir/Src/stm32f4xx_it.c.obj
                0x0000000008001ff8                DMA2_Stream1_IRQHandler
 .text.USART6_IRQHandler
                0x0000000008002008       0x10 CMakeFiles/Servo_Drive.elf.dir/Src/stm32f4xx_it.c.obj
                0x0000000008002008                USART6_IRQHandler
 .text.SystemInit
                0x0000000008002018        0x2 CMakeFiles/Servo_Drive.elf.dir/Src/system_stm32f4xx.c.obj
                0x0000000008002018                SystemInit
 *fill*         0x000000000800201a        0x2 
 .text.MX_USART6_UART_Init
                0x000000000800201c       0x34 CMakeFiles/Servo_Drive.elf.dir/Src/usart.c.obj
                0x000000000800201c                MX_USART6_UART_Init
 .text.HAL_UART_MspInit
                0x0000000008002050       0xc4 CMakeFiles/Servo_Drive.elf.dir/Src/usart.c.obj
                0x0000000008002050                HAL_UART_MspInit
 .text.Reset_Handler
                0x0000000008002114       0x50 CMakeFiles/Servo_Drive.elf.dir/startup/startup_stm32f427xx.s.obj
                0x0000000008002114                Reset_Handler
 .text.Default_Handler
                0x0000000008002164        0x2 CMakeFiles/Servo_Drive.elf.dir/startup/startup_stm32f427xx.s.obj
                0x0000000008002164                DMA1_Stream3_IRQHandler
                0x0000000008002164                HASH_RNG_IRQHandler
                0x0000000008002164                EXTI2_IRQHandler
                0x0000000008002164                TIM8_CC_IRQHandler
                0x0000000008002164                UART8_IRQHandler
                0x0000000008002164                SPI4_IRQHandler
                0x0000000008002164                TIM1_CC_IRQHandler
                0x0000000008002164                DMA2_Stream5_IRQHandler
                0x0000000008002164                DMA1_Stream5_IRQHandler
                0x0000000008002164                PVD_IRQHandler
                0x0000000008002164                SDIO_IRQHandler
                0x0000000008002164                TAMP_STAMP_IRQHandler
                0x0000000008002164                CAN2_RX1_IRQHandler
                0x0000000008002164                EXTI3_IRQHandler
                0x0000000008002164                TIM8_TRG_COM_TIM14_IRQHandler
                0x0000000008002164                TIM1_UP_TIM10_IRQHandler
                0x0000000008002164                TIM8_UP_TIM13_IRQHandler
                0x0000000008002164                I2C3_ER_IRQHandler
                0x0000000008002164                EXTI0_IRQHandler
                0x0000000008002164                I2C2_EV_IRQHandler
                0x0000000008002164                DMA1_Stream2_IRQHandler
                0x0000000008002164                CAN1_RX0_IRQHandler
                0x0000000008002164                FPU_IRQHandler
                0x0000000008002164                OTG_HS_WKUP_IRQHandler
                0x0000000008002164                CAN2_SCE_IRQHandler
                0x0000000008002164                DMA2_Stream2_IRQHandler
                0x0000000008002164                SPI1_IRQHandler
                0x0000000008002164                TIM6_DAC_IRQHandler
                0x0000000008002164                TIM1_BRK_TIM9_IRQHandler
                0x0000000008002164                DCMI_IRQHandler
                0x0000000008002164                CAN2_RX0_IRQHandler
                0x0000000008002164                DMA2_Stream3_IRQHandler
                0x0000000008002164                USART3_IRQHandler
                0x0000000008002164                CAN1_RX1_IRQHandler
                0x0000000008002164                UART5_IRQHandler
                0x0000000008002164                DMA2_Stream0_IRQHandler
                0x0000000008002164                TIM4_IRQHandler
                0x0000000008002164                I2C1_EV_IRQHandler
                0x0000000008002164                DMA1_Stream6_IRQHandler
                0x0000000008002164                DMA1_Stream1_IRQHandler
                0x0000000008002164                UART4_IRQHandler
                0x0000000008002164                TIM3_IRQHandler
                0x0000000008002164                RCC_IRQHandler
                0x0000000008002164                TIM8_BRK_TIM12_IRQHandler
                0x0000000008002164                Default_Handler
                0x0000000008002164                EXTI15_10_IRQHandler
                0x0000000008002164                ADC_IRQHandler
                0x0000000008002164                DMA1_Stream7_IRQHandler
                0x0000000008002164                SPI5_IRQHandler
                0x0000000008002164                TIM7_IRQHandler
                0x0000000008002164                CAN2_TX_IRQHandler
                0x0000000008002164                TIM5_IRQHandler
                0x0000000008002164                DMA2_Stream7_IRQHandler
                0x0000000008002164                I2C3_EV_IRQHandler
                0x0000000008002164                EXTI9_5_IRQHandler
                0x0000000008002164                RTC_WKUP_IRQHandler
                0x0000000008002164                ETH_WKUP_IRQHandler
                0x0000000008002164                SPI2_IRQHandler
                0x0000000008002164                OTG_HS_EP1_IN_IRQHandler
                0x0000000008002164                DMA1_Stream0_IRQHandler
                0x0000000008002164                CAN1_TX_IRQHandler
                0x0000000008002164                EXTI4_IRQHandler
                0x0000000008002164                ETH_IRQHandler
                0x0000000008002164                OTG_HS_EP1_OUT_IRQHandler
                0x0000000008002164                WWDG_IRQHandler
                0x0000000008002164                SPI6_IRQHandler
                0x0000000008002164                TIM2_IRQHandler
                0x0000000008002164                OTG_FS_WKUP_IRQHandler
                0x0000000008002164                TIM1_TRG_COM_TIM11_IRQHandler
                0x0000000008002164                OTG_HS_IRQHandler
                0x0000000008002164                DMA2D_IRQHandler
                0x0000000008002164                EXTI1_IRQHandler
                0x0000000008002164                UART7_IRQHandler
                0x0000000008002164                USART2_IRQHandler
                0x0000000008002164                I2C2_ER_IRQHandler
                0x0000000008002164                CAN1_SCE_IRQHandler
                0x0000000008002164                FLASH_IRQHandler
                0x0000000008002164                DMA2_Stream4_IRQHandler
                0x0000000008002164                USART1_IRQHandler
                0x0000000008002164                OTG_FS_IRQHandler
                0x0000000008002164                SPI3_IRQHandler
                0x0000000008002164                DMA1_Stream4_IRQHandler
                0x0000000008002164                I2C1_ER_IRQHandler
                0x0000000008002164                FMC_IRQHandler
                0x0000000008002164                DMA2_Stream6_IRQHandler
                0x0000000008002164                SAI1_IRQHandler
                0x0000000008002164                RTC_Alarm_IRQHandler
 *fill*         0x0000000008002166        0x2 
 .text.__libc_init_array
                0x0000000008002168       0x48 /opt/homebrew/Cellar/arm-none-eabi-gcc/10.3-2021.07/gcc/bin/../lib/gcc/arm-none-eabi/10.3.1/../../../../arm-none-eabi/lib/thumb/v7e-m/nofp/libg.a(lib_a-init.o)
                0x0000000008002168                __libc_init_array
 .text.memset   0x00000000080021b0       0xa4 /opt/homebrew/Cellar/arm-none-eabi-gcc/10.3-2021.07/gcc/bin/../lib/gcc/arm-none-eabi/10.3.1/../../../../arm-none-eabi/lib/thumb/v7e-m/nofp/libg.a(lib_a-memset.o)
                0x00000000080021b0                memset
 .text.startup.register_fini
                0x0000000008002254       0x14 /opt/homebrew/Cellar/arm-none-eabi-gcc/10.3-2021.07/gcc/bin/../lib/gcc/arm-none-eabi/10.3.1/../../../../arm-none-eabi/lib/thumb/v7e-m/nofp/libg.a(lib_a-__call_atexit.o)
 .text.atexit   0x0000000008002268        0xc /opt/homebrew/Cellar/arm-none-eabi-gcc/10.3-2021.07/gcc/bin/../lib/gcc/arm-none-eabi/10.3.1/../../../../arm-none-eabi/lib/thumb/v7e-m/nofp/libg.a(lib_a-atexit.o)
                0x0000000008002268                atexit
 .text.__libc_fini_array
                0x0000000008002274       0x2c /opt/homebrew/Cellar/arm-none-eabi-gcc/10.3-2021.07/gcc/bin/../lib/gcc/arm-none-eabi/10.3.1/../../../../arm-none-eabi/lib/thumb/v7e-m/nofp/libg.a(lib_a-fini.o)
                0x0000000008002274                __libc_fini_array
 .text.__retarget_lock_acquire_recursive
                0x00000000080022a0        0x4 /opt/homebrew/Cellar/arm-none-eabi-gcc/10.3-2021.07/gcc/bin/../lib/gcc/arm-none-eabi/10.3.1/../../../../arm-none-eabi/lib/thumb/v7e-m/nofp/libg.a(lib_a-lock.o)
                0x00000000080022a0                __retarget_lock_acquire_recursive
 .text.__retarget_lock_release_recursive
                0x00000000080022a4        0x4 /opt/homebrew/Cellar/arm-none-eabi-gcc/10.3-2021.07/gcc/bin/../lib/gcc/arm-none-eabi/10.3.1/../../../../arm-none-eabi/lib/thumb/v7e-m/nofp/libg.a(lib_a-lock.o)
                0x00000000080022a4                __retarget_lock_release_recursive
 .text.__register_exitproc
                0x00000000080022a8       0x8c /opt/homebrew/Cellar/arm-none-eabi-gcc/10.3-2021.07/gcc/bin/../lib/gcc/arm-none-eabi/10.3.1/../../../../arm-none-eabi/lib/thumb/v7e-m/nofp/libg.a(lib_a-__atexit.o)
                0x00000000080022a8                __register_exitproc
 *(.glue_7)
 .glue_7        0x0000000008002334        0x0 linker stubs
 *(.glue_7t)
 .glue_7t       0x0000000008002334        0x0 linker stubs
 *(.eh_frame)
 .eh_frame      0x0000000008002334        0x0 /opt/homebrew/Cellar/arm-none-eabi-gcc/10.3-2021.07/gcc/bin/../lib/gcc/arm-none-eabi/10.3.1/thumb/v7e-m/nofp/crtbegin.o
 *(.init)
 .init          0x0000000008002334        0x4 /opt/homebrew/Cellar/arm-none-eabi-gcc/10.3-2021.07/gcc/bin/../lib/gcc/arm-none-eabi/10.3.1/thumb/v7e-m/nofp/crti.o
                0x0000000008002334                _init
 .init          0x0000000008002338        0x8 /opt/homebrew/Cellar/arm-none-eabi-gcc/10.3-2021.07/gcc/bin/../lib/gcc/arm-none-eabi/10.3.1/thumb/v7e-m/nofp/crtn.o
 *(.fini)
 .fini          0x0000000008002340        0x4 /opt/homebrew/Cellar/arm-none-eabi-gcc/10.3-2021.07/gcc/bin/../lib/gcc/arm-none-eabi/10.3.1/thumb/v7e-m/nofp/crti.o
                0x0000000008002340                _fini
 .fini          0x0000000008002344        0x8 /opt/homebrew/Cellar/arm-none-eabi-gcc/10.3-2021.07/gcc/bin/../lib/gcc/arm-none-eabi/10.3.1/thumb/v7e-m/nofp/crtn.o
                0x000000000800234c                . = ALIGN (0x4)
                0x000000000800234c                _etext = .

.vfp11_veneer   0x000000000800234c        0x0
 .vfp11_veneer  0x000000000800234c        0x0 linker stubs

.v4_bx          0x000000000800234c        0x0
 .v4_bx         0x000000000800234c        0x0 linker stubs

.iplt           0x000000000800234c        0x0
 .iplt          0x000000000800234c        0x0 /opt/homebrew/Cellar/arm-none-eabi-gcc/10.3-2021.07/gcc/bin/../lib/gcc/arm-none-eabi/10.3.1/thumb/v7e-m/nofp/crtbegin.o

.rodata         0x000000000800234c      0x224
                0x000000000800234c                . = ALIGN (0x4)
 *(.rodata)
 .rodata        0x000000000800234c      0x200 CMakeFiles/Servo_Drive.elf.dir/Lib/Src/dynamixel2.c.obj
 *(.rodata*)
 .rodata.flagBitshiftOffset.0
                0x000000000800254c        0x8 CMakeFiles/Servo_Drive.elf.dir/Drivers/STM32F4xx_HAL_Driver/Src/stm32f4xx_hal_dma.c.obj
 .rodata.AHBPrescTable
                0x0000000008002554       0x10 CMakeFiles/Servo_Drive.elf.dir/Src/system_stm32f4xx.c.obj
                0x0000000008002554                AHBPrescTable
 .rodata.APBPrescTable
                0x0000000008002564        0x8 CMakeFiles/Servo_Drive.elf.dir/Src/system_stm32f4xx.c.obj
                0x0000000008002564                APBPrescTable
 .rodata._global_impure_ptr
                0x000000000800256c        0x4 /opt/homebrew/Cellar/arm-none-eabi-gcc/10.3-2021.07/gcc/bin/../lib/gcc/arm-none-eabi/10.3.1/../../../../arm-none-eabi/lib/thumb/v7e-m/nofp/libg.a(lib_a-impure.o)
                0x000000000800256c                _global_impure_ptr
                0x0000000008002570                . = ALIGN (0x4)

.ARM.extab
 *(.ARM.extab* .gnu.linkonce.armextab.*)

.ARM            0x0000000008002570        0x8
                0x0000000008002570                __exidx_start = .
 *(.ARM.exidx*)
 .ARM.exidx     0x0000000008002570        0x8 /opt/homebrew/Cellar/arm-none-eabi-gcc/10.3-2021.07/gcc/bin/../lib/gcc/arm-none-eabi/10.3.1/thumb/v7e-m/nofp/libgcc.a(_udivmoddi4.o)
                0x0000000008002578                __exidx_end = .

.rel.dyn        0x0000000008002578        0x0
 .rel.iplt      0x0000000008002578        0x0 /opt/homebrew/Cellar/arm-none-eabi-gcc/10.3-2021.07/gcc/bin/../lib/gcc/arm-none-eabi/10.3.1/thumb/v7e-m/nofp/crtbegin.o

.preinit_array  0x0000000008002578        0x0
                0x0000000008002578                PROVIDE (__preinit_array_start = .)
 *(.preinit_array*)
                0x0000000008002578                PROVIDE (__preinit_array_end = .)

.init_array     0x0000000008002578        0x8
                0x0000000008002578                PROVIDE (__init_array_start = .)
 *(SORT_BY_NAME(.init_array.*))
 .init_array.00000
                0x0000000008002578        0x4 /opt/homebrew/Cellar/arm-none-eabi-gcc/10.3-2021.07/gcc/bin/../lib/gcc/arm-none-eabi/10.3.1/../../../../arm-none-eabi/lib/thumb/v7e-m/nofp/libg.a(lib_a-__call_atexit.o)
 *(.init_array*)
 .init_array    0x000000000800257c        0x4 /opt/homebrew/Cellar/arm-none-eabi-gcc/10.3-2021.07/gcc/bin/../lib/gcc/arm-none-eabi/10.3.1/thumb/v7e-m/nofp/crtbegin.o
                0x0000000008002580                PROVIDE (__init_array_end = .)

.fini_array     0x0000000008002580        0x4
                0x0000000008002580                PROVIDE (__fini_array_start = .)
 *(SORT_BY_NAME(.fini_array.*))
 *(.fini_array*)
 .fini_array    0x0000000008002580        0x4 /opt/homebrew/Cellar/arm-none-eabi-gcc/10.3-2021.07/gcc/bin/../lib/gcc/arm-none-eabi/10.3.1/thumb/v7e-m/nofp/crtbegin.o
                0x0000000008002584                PROVIDE (__fini_array_end = .)
                0x0000000008002584                _sidata = LOADADDR (.data)

.data           0x0000000020000000      0x43c load address 0x0000000008002584
                0x0000000020000000                . = ALIGN (0x4)
                0x0000000020000000                _sdata = .
 *(.data)
 *(.data*)
 .data.uwTickFreq
                0x0000000020000000        0x1 CMakeFiles/Servo_Drive.elf.dir/Drivers/STM32F4xx_HAL_Driver/Src/stm32f4xx_hal.c.obj
                0x0000000020000000                uwTickFreq
 *fill*         0x0000000020000001        0x3 
 .data.uwTickPrio
                0x0000000020000004        0x4 CMakeFiles/Servo_Drive.elf.dir/Drivers/STM32F4xx_HAL_Driver/Src/stm32f4xx_hal.c.obj
                0x0000000020000004                uwTickPrio
 .data.gbCommStatus
                0x0000000020000008        0x4 CMakeFiles/Servo_Drive.elf.dir/Lib/Src/dynamixel2.c.obj
 .data.SystemCoreClock
                0x000000002000000c        0x4 CMakeFiles/Servo_Drive.elf.dir/Src/system_stm32f4xx.c.obj
                0x000000002000000c                SystemCoreClock
 .data.impure_data
                0x0000000020000010      0x428 /opt/homebrew/Cellar/arm-none-eabi-gcc/10.3-2021.07/gcc/bin/../lib/gcc/arm-none-eabi/10.3.1/../../../../arm-none-eabi/lib/thumb/v7e-m/nofp/libg.a(lib_a-impure.o)
 .data.__atexit_recursive_mutex
                0x0000000020000438        0x4 /opt/homebrew/Cellar/arm-none-eabi-gcc/10.3-2021.07/gcc/bin/../lib/gcc/arm-none-eabi/10.3.1/../../../../arm-none-eabi/lib/thumb/v7e-m/nofp/libg.a(lib_a-__call_atexit.o)
                0x0000000020000438                __atexit_recursive_mutex
                0x000000002000043c                . = ALIGN (0x4)
                0x000000002000043c                _edata = .
                0x00000000080029c0                _siccmram = LOADADDR (.ccmram)

.igot.plt       0x000000002000043c        0x0 load address 0x00000000080029c0
 .igot.plt      0x000000002000043c        0x0 /opt/homebrew/Cellar/arm-none-eabi-gcc/10.3-2021.07/gcc/bin/../lib/gcc/arm-none-eabi/10.3.1/thumb/v7e-m/nofp/crtbegin.o

.ccmram         0x0000000010000000        0x0 load address 0x00000000080029c0
                0x0000000010000000                . = ALIGN (0x4)
                0x0000000010000000                _sccmram = .
 *(.ccmram)
 *(.ccmram*)
                0x0000000010000000                . = ALIGN (0x4)
                0x0000000010000000                _eccmram = .
                0x0000000010000000                . = ALIGN (0x4)

.bss            0x000000002000043c      0x190
                0x000000002000043c                _sbss = .
                0x000000002000043c                __bss_start__ = _sbss
 *(.bss)
 .bss           0x000000002000043c       0x1c /opt/homebrew/Cellar/arm-none-eabi-gcc/10.3-2021.07/gcc/bin/../lib/gcc/arm-none-eabi/10.3.1/thumb/v7e-m/nofp/crtbegin.o
 *(.bss*)
 .bss.uwTick    0x0000000020000458        0x4 CMakeFiles/Servo_Drive.elf.dir/Drivers/STM32F4xx_HAL_Driver/Src/stm32f4xx_hal.c.obj
                0x0000000020000458                uwTick
 .bss.gbInstructionPacket
                0x000000002000045c       0xc8 CMakeFiles/Servo_Drive.elf.dir/Lib/Src/dynamixel2.c.obj
 .bss.hdma_usart6_rx
                0x0000000020000524       0x60 CMakeFiles/Servo_Drive.elf.dir/Src/usart.c.obj
                0x0000000020000524                hdma_usart6_rx
 .bss.huart6    0x0000000020000584       0x44 CMakeFiles/Servo_Drive.elf.dir/Src/usart.c.obj
                0x0000000020000584                huart6
 .bss.__lock___atexit_recursive_mutex
                0x00000000200005c8        0x1 /opt/homebrew/Cellar/arm-none-eabi-gcc/10.3-2021.07/gcc/bin/../lib/gcc/arm-none-eabi/10.3.1/../../../../arm-none-eabi/lib/thumb/v7e-m/nofp/libg.a(lib_a-lock.o)
                0x00000000200005c8                __lock___atexit_recursive_mutex
 *(COMMON)
                0x00000000200005cc                . = ALIGN (0x4)
 *fill*         0x00000000200005c9        0x3 
                0x00000000200005cc                _ebss = .
                0x00000000200005cc                __bss_end__ = _ebss

._user_heap_stack
                0x00000000200005cc      0x604
                0x00000000200005d0                . = ALIGN (0x8)
 *fill*         0x00000000200005cc        0x4 
                0x00000000200005d0                PROVIDE (end = .)
                [!provide]                        PROVIDE (_end = .)
                0x00000000200007d0                . = (. + _Min_Heap_Size)
 *fill*         0x00000000200005d0      0x200 
                0x0000000020000bd0                . = (. + _Min_Stack_Size)
 *fill*         0x00000000200007d0      0x400 
                0x0000000020000bd0                . = ALIGN (0x8)

/DISCARD/
 libc.a(*)
 libm.a(*)
 libgcc.a(*)

.ARM.attributes
                0x0000000000000000       0x2a
 *(.ARM.attributes)
 .ARM.attributes
                0x0000000000000000       0x1e /opt/homebrew/Cellar/arm-none-eabi-gcc/10.3-2021.07/gcc/bin/../lib/gcc/arm-none-eabi/10.3.1/thumb/v7e-m/nofp/crti.o
 .ARM.attributes
                0x000000000000001e       0x2e /opt/homebrew/Cellar/arm-none-eabi-gcc/10.3-2021.07/gcc/bin/../lib/gcc/arm-none-eabi/10.3.1/thumb/v7e-m/nofp/crtbegin.o
 .ARM.attributes
                0x000000000000004c       0x2e CMakeFiles/Servo_Drive.elf.dir/Drivers/STM32F4xx_HAL_Driver/Src/stm32f4xx_hal.c.obj
 .ARM.attributes
                0x000000000000007a       0x2e CMakeFiles/Servo_Drive.elf.dir/Drivers/STM32F4xx_HAL_Driver/Src/stm32f4xx_hal_cortex.c.obj
 .ARM.attributes
                0x00000000000000a8       0x2e CMakeFiles/Servo_Drive.elf.dir/Drivers/STM32F4xx_HAL_Driver/Src/stm32f4xx_hal_dma.c.obj
 .ARM.attributes
                0x00000000000000d6       0x2e CMakeFiles/Servo_Drive.elf.dir/Drivers/STM32F4xx_HAL_Driver/Src/stm32f4xx_hal_gpio.c.obj
 .ARM.attributes
                0x0000000000000104       0x2e CMakeFiles/Servo_Drive.elf.dir/Drivers/STM32F4xx_HAL_Driver/Src/stm32f4xx_hal_rcc.c.obj
 .ARM.attributes
                0x0000000000000132       0x2e CMakeFiles/Servo_Drive.elf.dir/Drivers/STM32F4xx_HAL_Driver/Src/stm32f4xx_hal_uart.c.obj
 .ARM.attributes
                0x0000000000000160       0x2e CMakeFiles/Servo_Drive.elf.dir/Lib/Src/dynamixel2.c.obj
 .ARM.attributes
                0x000000000000018e       0x2e CMakeFiles/Servo_Drive.elf.dir/Lib/Src/servo.c.obj
 .ARM.attributes
                0x00000000000001bc       0x2e CMakeFiles/Servo_Drive.elf.dir/Src/dma.c.obj
 .ARM.attributes
                0x00000000000001ea       0x2e CMakeFiles/Servo_Drive.elf.dir/Src/gpio.c.obj
 .ARM.attributes
                0x0000000000000218       0x2e CMakeFiles/Servo_Drive.elf.dir/Src/main.c.obj
 .ARM.attributes
                0x0000000000000246       0x2e CMakeFiles/Servo_Drive.elf.dir/Src/stm32f4xx_hal_msp.c.obj
 .ARM.attributes
                0x0000000000000274       0x2e CMakeFiles/Servo_Drive.elf.dir/Src/stm32f4xx_it.c.obj
 .ARM.attributes
                0x00000000000002a2       0x2e CMakeFiles/Servo_Drive.elf.dir/Src/system_stm32f4xx.c.obj
 .ARM.attributes
                0x00000000000002d0       0x2e CMakeFiles/Servo_Drive.elf.dir/Src/usart.c.obj
 .ARM.attributes
                0x00000000000002fe       0x21 CMakeFiles/Servo_Drive.elf.dir/startup/startup_stm32f427xx.s.obj
 .ARM.attributes
                0x000000000000031f       0x1e /opt/homebrew/Cellar/arm-none-eabi-gcc/10.3-2021.07/gcc/bin/../lib/gcc/arm-none-eabi/10.3.1/thumb/v7e-m/nofp/libgcc.a(_aeabi_uldivmod.o)
 .ARM.attributes
                0x000000000000033d       0x2e /opt/homebrew/Cellar/arm-none-eabi-gcc/10.3-2021.07/gcc/bin/../lib/gcc/arm-none-eabi/10.3.1/thumb/v7e-m/nofp/libgcc.a(_udivmoddi4.o)
 .ARM.attributes
                0x000000000000036b       0x1e /opt/homebrew/Cellar/arm-none-eabi-gcc/10.3-2021.07/gcc/bin/../lib/gcc/arm-none-eabi/10.3.1/thumb/v7e-m/nofp/libgcc.a(_dvmd_tls.o)
 .ARM.attributes
                0x0000000000000389       0x2e /opt/homebrew/Cellar/arm-none-eabi-gcc/10.3-2021.07/gcc/bin/../lib/gcc/arm-none-eabi/10.3.1/../../../../arm-none-eabi/lib/thumb/v7e-m/nofp/libg.a(lib_a-impure.o)
 .ARM.attributes
                0x00000000000003b7       0x2e /opt/homebrew/Cellar/arm-none-eabi-gcc/10.3-2021.07/gcc/bin/../lib/gcc/arm-none-eabi/10.3.1/../../../../arm-none-eabi/lib/thumb/v7e-m/nofp/libg.a(lib_a-init.o)
 .ARM.attributes
                0x00000000000003e5       0x1c /opt/homebrew/Cellar/arm-none-eabi-gcc/10.3-2021.07/gcc/bin/../lib/gcc/arm-none-eabi/10.3.1/../../../../arm-none-eabi/lib/thumb/v7e-m/nofp/libg.a(lib_a-memcpy.o)
 .ARM.attributes
                0x0000000000000401       0x2e /opt/homebrew/Cellar/arm-none-eabi-gcc/10.3-2021.07/gcc/bin/../lib/gcc/arm-none-eabi/10.3.1/../../../../arm-none-eabi/lib/thumb/v7e-m/nofp/libg.a(lib_a-memset.o)
 .ARM.attributes
                0x000000000000042f       0x2e /opt/homebrew/Cellar/arm-none-eabi-gcc/10.3-2021.07/gcc/bin/../lib/gcc/arm-none-eabi/10.3.1/../../../../arm-none-eabi/lib/thumb/v7e-m/nofp/libg.a(lib_a-__call_atexit.o)
 .ARM.attributes
                0x000000000000045d       0x2e /opt/homebrew/Cellar/arm-none-eabi-gcc/10.3-2021.07/gcc/bin/../lib/gcc/arm-none-eabi/10.3.1/../../../../arm-none-eabi/lib/thumb/v7e-m/nofp/libg.a(lib_a-atexit.o)
 .ARM.attributes
                0x000000000000048b       0x2e /opt/homebrew/Cellar/arm-none-eabi-gcc/10.3-2021.07/gcc/bin/../lib/gcc/arm-none-eabi/10.3.1/../../../../arm-none-eabi/lib/thumb/v7e-m/nofp/libg.a(lib_a-fini.o)
 .ARM.attributes
                0x00000000000004b9       0x2e /opt/homebrew/Cellar/arm-none-eabi-gcc/10.3-2021.07/gcc/bin/../lib/gcc/arm-none-eabi/10.3.1/../../../../arm-none-eabi/lib/thumb/v7e-m/nofp/libg.a(lib_a-lock.o)
 .ARM.attributes
                0x00000000000004e7       0x2e /opt/homebrew/Cellar/arm-none-eabi-gcc/10.3-2021.07/gcc/bin/../lib/gcc/arm-none-eabi/10.3.1/../../../../arm-none-eabi/lib/thumb/v7e-m/nofp/libg.a(lib_a-__atexit.o)
 .ARM.attributes
                0x0000000000000515       0x1e /opt/homebrew/Cellar/arm-none-eabi-gcc/10.3-2021.07/gcc/bin/../lib/gcc/arm-none-eabi/10.3.1/thumb/v7e-m/nofp/crtn.o
OUTPUT(Servo_Drive.elf elf32-littlearm)
LOAD linker stubs
LOAD /opt/homebrew/Cellar/arm-none-eabi-gcc/10.3-2021.07/gcc/bin/../lib/gcc/arm-none-eabi/10.3.1/../../../../arm-none-eabi/lib/thumb/v7e-m/nofp/libc.a
LOAD /opt/homebrew/Cellar/arm-none-eabi-gcc/10.3-2021.07/gcc/bin/../lib/gcc/arm-none-eabi/10.3.1/../../../../arm-none-eabi/lib/thumb/v7e-m/nofp/libm.a
LOAD /opt/homebrew/Cellar/arm-none-eabi-gcc/10.3-2021.07/gcc/bin/../lib/gcc/arm-none-eabi/10.3.1/thumb/v7e-m/nofp/libgcc.a

.debug_info     0x0000000000000000     0xcef2
 .debug_info    0x0000000000000000      0xa5c CMakeFiles/Servo_Drive.elf.dir/Drivers/STM32F4xx_HAL_Driver/Src/stm32f4xx_hal.c.obj
 .debug_info    0x0000000000000a5c     0x10c2 CMakeFiles/Servo_Drive.elf.dir/Drivers/STM32F4xx_HAL_Driver/Src/stm32f4xx_hal_cortex.c.obj
 .debug_info    0x0000000000001b1e      0xb3f CMakeFiles/Servo_Drive.elf.dir/Drivers/STM32F4xx_HAL_Driver/Src/stm32f4xx_hal_dma.c.obj
 .debug_info    0x000000000000265d      0x7cc CMakeFiles/Servo_Drive.elf.dir/Drivers/STM32F4xx_HAL_Driver/Src/stm32f4xx_hal_gpio.c.obj
 .debug_info    0x0000000000002e29      0xb1f CMakeFiles/Servo_Drive.elf.dir/Drivers/STM32F4xx_HAL_Driver/Src/stm32f4xx_hal_rcc.c.obj
 .debug_info    0x0000000000003948     0x4233 CMakeFiles/Servo_Drive.elf.dir/Drivers/STM32F4xx_HAL_Driver/Src/stm32f4xx_hal_uart.c.obj
 .debug_info    0x0000000000007b7b     0x149f CMakeFiles/Servo_Drive.elf.dir/Lib/Src/dynamixel2.c.obj
 .debug_info    0x000000000000901a     0x13f2 CMakeFiles/Servo_Drive.elf.dir/Lib/Src/servo.c.obj
 .debug_info    0x000000000000a40c      0x542 CMakeFiles/Servo_Drive.elf.dir/Src/dma.c.obj
 .debug_info    0x000000000000a94e      0x478 CMakeFiles/Servo_Drive.elf.dir/Src/gpio.c.obj
 .debug_info    0x000000000000adc6      0x718 CMakeFiles/Servo_Drive.elf.dir/Src/main.c.obj
 .debug_info    0x000000000000b4de      0x2c0 CMakeFiles/Servo_Drive.elf.dir/Src/stm32f4xx_hal_msp.c.obj
 .debug_info    0x000000000000b79e      0x6a3 CMakeFiles/Servo_Drive.elf.dir/Src/stm32f4xx_it.c.obj
 .debug_info    0x000000000000be41      0x399 CMakeFiles/Servo_Drive.elf.dir/Src/system_stm32f4xx.c.obj
 .debug_info    0x000000000000c1da      0xcf6 CMakeFiles/Servo_Drive.elf.dir/Src/usart.c.obj
 .debug_info    0x000000000000ced0       0x22 CMakeFiles/Servo_Drive.elf.dir/startup/startup_stm32f427xx.s.obj

.debug_abbrev   0x0000000000000000     0x1f75
 .debug_abbrev  0x0000000000000000      0x206 CMakeFiles/Servo_Drive.elf.dir/Drivers/STM32F4xx_HAL_Driver/Src/stm32f4xx_hal.c.obj
 .debug_abbrev  0x0000000000000206      0x36a CMakeFiles/Servo_Drive.elf.dir/Drivers/STM32F4xx_HAL_Driver/Src/stm32f4xx_hal_cortex.c.obj
 .debug_abbrev  0x0000000000000570      0x2c2 CMakeFiles/Servo_Drive.elf.dir/Drivers/STM32F4xx_HAL_Driver/Src/stm32f4xx_hal_dma.c.obj
 .debug_abbrev  0x0000000000000832      0x1ef CMakeFiles/Servo_Drive.elf.dir/Drivers/STM32F4xx_HAL_Driver/Src/stm32f4xx_hal_gpio.c.obj
 .debug_abbrev  0x0000000000000a21      0x28a CMakeFiles/Servo_Drive.elf.dir/Drivers/STM32F4xx_HAL_Driver/Src/stm32f4xx_hal_rcc.c.obj
 .debug_abbrev  0x0000000000000cab      0x2f6 CMakeFiles/Servo_Drive.elf.dir/Drivers/STM32F4xx_HAL_Driver/Src/stm32f4xx_hal_uart.c.obj
 .debug_abbrev  0x0000000000000fa1      0x380 CMakeFiles/Servo_Drive.elf.dir/Lib/Src/dynamixel2.c.obj
 .debug_abbrev  0x0000000000001321      0x2cc CMakeFiles/Servo_Drive.elf.dir/Lib/Src/servo.c.obj
 .debug_abbrev  0x00000000000015ed      0x126 CMakeFiles/Servo_Drive.elf.dir/Src/dma.c.obj
 .debug_abbrev  0x0000000000001713      0x14e CMakeFiles/Servo_Drive.elf.dir/Src/gpio.c.obj
 .debug_abbrev  0x0000000000001861      0x1c2 CMakeFiles/Servo_Drive.elf.dir/Src/main.c.obj
 .debug_abbrev  0x0000000000001a23       0xd1 CMakeFiles/Servo_Drive.elf.dir/Src/stm32f4xx_hal_msp.c.obj
 .debug_abbrev  0x0000000000001af4      0x167 CMakeFiles/Servo_Drive.elf.dir/Src/stm32f4xx_it.c.obj
 .debug_abbrev  0x0000000000001c5b      0x119 CMakeFiles/Servo_Drive.elf.dir/Src/system_stm32f4xx.c.obj
 .debug_abbrev  0x0000000000001d74      0x1ef CMakeFiles/Servo_Drive.elf.dir/Src/usart.c.obj
 .debug_abbrev  0x0000000000001f63       0x12 CMakeFiles/Servo_Drive.elf.dir/startup/startup_stm32f427xx.s.obj

.debug_loc      0x0000000000000000     0x7a5b
 .debug_loc     0x0000000000000000      0x141 CMakeFiles/Servo_Drive.elf.dir/Drivers/STM32F4xx_HAL_Driver/Src/stm32f4xx_hal.c.obj
 .debug_loc     0x0000000000000141      0x744 CMakeFiles/Servo_Drive.elf.dir/Drivers/STM32F4xx_HAL_Driver/Src/stm32f4xx_hal_cortex.c.obj
 .debug_loc     0x0000000000000885      0xbf9 CMakeFiles/Servo_Drive.elf.dir/Drivers/STM32F4xx_HAL_Driver/Src/stm32f4xx_hal_dma.c.obj
 .debug_loc     0x000000000000147e      0x520 CMakeFiles/Servo_Drive.elf.dir/Drivers/STM32F4xx_HAL_Driver/Src/stm32f4xx_hal_gpio.c.obj
 .debug_loc     0x000000000000199e      0x58c CMakeFiles/Servo_Drive.elf.dir/Drivers/STM32F4xx_HAL_Driver/Src/stm32f4xx_hal_rcc.c.obj
 .debug_loc     0x0000000000001f2a     0x49eb CMakeFiles/Servo_Drive.elf.dir/Drivers/STM32F4xx_HAL_Driver/Src/stm32f4xx_hal_uart.c.obj
 .debug_loc     0x0000000000006915      0xb4d CMakeFiles/Servo_Drive.elf.dir/Lib/Src/dynamixel2.c.obj
 .debug_loc     0x0000000000007462      0x430 CMakeFiles/Servo_Drive.elf.dir/Lib/Src/servo.c.obj
 .debug_loc     0x0000000000007892      0x158 CMakeFiles/Servo_Drive.elf.dir/Src/system_stm32f4xx.c.obj
 .debug_loc     0x00000000000079ea       0x71 CMakeFiles/Servo_Drive.elf.dir/Src/usart.c.obj

.debug_aranges  0x0000000000000000      0x890
 .debug_aranges
                0x0000000000000000      0x100 CMakeFiles/Servo_Drive.elf.dir/Drivers/STM32F4xx_HAL_Driver/Src/stm32f4xx_hal.c.obj
 .debug_aranges
                0x0000000000000100       0xa8 CMakeFiles/Servo_Drive.elf.dir/Drivers/STM32F4xx_HAL_Driver/Src/stm32f4xx_hal_cortex.c.obj
 .debug_aranges
                0x00000000000001a8       0x90 CMakeFiles/Servo_Drive.elf.dir/Drivers/STM32F4xx_HAL_Driver/Src/stm32f4xx_hal_dma.c.obj
 .debug_aranges
                0x0000000000000238       0x58 CMakeFiles/Servo_Drive.elf.dir/Drivers/STM32F4xx_HAL_Driver/Src/stm32f4xx_hal_gpio.c.obj
 .debug_aranges
                0x0000000000000290       0x88 CMakeFiles/Servo_Drive.elf.dir/Drivers/STM32F4xx_HAL_Driver/Src/stm32f4xx_hal_rcc.c.obj
 .debug_aranges
                0x0000000000000318      0x200 CMakeFiles/Servo_Drive.elf.dir/Drivers/STM32F4xx_HAL_Driver/Src/stm32f4xx_hal_uart.c.obj
 .debug_aranges
                0x0000000000000518      0x190 CMakeFiles/Servo_Drive.elf.dir/Lib/Src/dynamixel2.c.obj
 .debug_aranges
                0x00000000000006a8       0x68 CMakeFiles/Servo_Drive.elf.dir/Lib/Src/servo.c.obj
 .debug_aranges
                0x0000000000000710       0x20 CMakeFiles/Servo_Drive.elf.dir/Src/dma.c.obj
 .debug_aranges
                0x0000000000000730       0x20 CMakeFiles/Servo_Drive.elf.dir/Src/gpio.c.obj
 .debug_aranges
                0x0000000000000750       0x30 CMakeFiles/Servo_Drive.elf.dir/Src/main.c.obj
 .debug_aranges
                0x0000000000000780       0x20 CMakeFiles/Servo_Drive.elf.dir/Src/stm32f4xx_hal_msp.c.obj
 .debug_aranges
                0x00000000000007a0       0x70 CMakeFiles/Servo_Drive.elf.dir/Src/stm32f4xx_it.c.obj
 .debug_aranges
                0x0000000000000810       0x28 CMakeFiles/Servo_Drive.elf.dir/Src/system_stm32f4xx.c.obj
 .debug_aranges
                0x0000000000000838       0x30 CMakeFiles/Servo_Drive.elf.dir/Src/usart.c.obj
 .debug_aranges
                0x0000000000000868       0x28 CMakeFiles/Servo_Drive.elf.dir/startup/startup_stm32f427xx.s.obj

.debug_ranges   0x0000000000000000      0x828
 .debug_ranges  0x0000000000000000       0xf0 CMakeFiles/Servo_Drive.elf.dir/Drivers/STM32F4xx_HAL_Driver/Src/stm32f4xx_hal.c.obj
 .debug_ranges  0x00000000000000f0       0xf8 CMakeFiles/Servo_Drive.elf.dir/Drivers/STM32F4xx_HAL_Driver/Src/stm32f4xx_hal_cortex.c.obj
 .debug_ranges  0x00000000000001e8       0x80 CMakeFiles/Servo_Drive.elf.dir/Drivers/STM32F4xx_HAL_Driver/Src/stm32f4xx_hal_dma.c.obj
 .debug_ranges  0x0000000000000268       0x48 CMakeFiles/Servo_Drive.elf.dir/Drivers/STM32F4xx_HAL_Driver/Src/stm32f4xx_hal_gpio.c.obj
 .debug_ranges  0x00000000000002b0       0x90 CMakeFiles/Servo_Drive.elf.dir/Drivers/STM32F4xx_HAL_Driver/Src/stm32f4xx_hal_rcc.c.obj
 .debug_ranges  0x0000000000000340      0x208 CMakeFiles/Servo_Drive.elf.dir/Drivers/STM32F4xx_HAL_Driver/Src/stm32f4xx_hal_uart.c.obj
 .debug_ranges  0x0000000000000548      0x180 CMakeFiles/Servo_Drive.elf.dir/Lib/Src/dynamixel2.c.obj
 .debug_ranges  0x00000000000006c8       0x58 CMakeFiles/Servo_Drive.elf.dir/Lib/Src/servo.c.obj
 .debug_ranges  0x0000000000000720       0x10 CMakeFiles/Servo_Drive.elf.dir/Src/dma.c.obj
 .debug_ranges  0x0000000000000730       0x10 CMakeFiles/Servo_Drive.elf.dir/Src/gpio.c.obj
 .debug_ranges  0x0000000000000740       0x20 CMakeFiles/Servo_Drive.elf.dir/Src/main.c.obj
 .debug_ranges  0x0000000000000760       0x10 CMakeFiles/Servo_Drive.elf.dir/Src/stm32f4xx_hal_msp.c.obj
 .debug_ranges  0x0000000000000770       0x60 CMakeFiles/Servo_Drive.elf.dir/Src/stm32f4xx_it.c.obj
 .debug_ranges  0x00000000000007d0       0x18 CMakeFiles/Servo_Drive.elf.dir/Src/system_stm32f4xx.c.obj
 .debug_ranges  0x00000000000007e8       0x20 CMakeFiles/Servo_Drive.elf.dir/Src/usart.c.obj
 .debug_ranges  0x0000000000000808       0x20 CMakeFiles/Servo_Drive.elf.dir/startup/startup_stm32f427xx.s.obj

.debug_line     0x0000000000000000     0xa717
 .debug_line    0x0000000000000000      0x677 CMakeFiles/Servo_Drive.elf.dir/Drivers/STM32F4xx_HAL_Driver/Src/stm32f4xx_hal.c.obj
 .debug_line    0x0000000000000677      0x852 CMakeFiles/Servo_Drive.elf.dir/Drivers/STM32F4xx_HAL_Driver/Src/stm32f4xx_hal_cortex.c.obj
 .debug_line    0x0000000000000ec9      0xece CMakeFiles/Servo_Drive.elf.dir/Drivers/STM32F4xx_HAL_Driver/Src/stm32f4xx_hal_dma.c.obj
 .debug_line    0x0000000000001d97      0x79c CMakeFiles/Servo_Drive.elf.dir/Drivers/STM32F4xx_HAL_Driver/Src/stm32f4xx_hal_gpio.c.obj
 .debug_line    0x0000000000002533      0xbb5 CMakeFiles/Servo_Drive.elf.dir/Drivers/STM32F4xx_HAL_Driver/Src/stm32f4xx_hal_rcc.c.obj
 .debug_line    0x00000000000030e8     0x46b2 CMakeFiles/Servo_Drive.elf.dir/Drivers/STM32F4xx_HAL_Driver/Src/stm32f4xx_hal_uart.c.obj
 .debug_line    0x000000000000779a     0x12b4 CMakeFiles/Servo_Drive.elf.dir/Lib/Src/dynamixel2.c.obj
 .debug_line    0x0000000000008a4e      0x723 CMakeFiles/Servo_Drive.elf.dir/Lib/Src/servo.c.obj
 .debug_line    0x0000000000009171      0x224 CMakeFiles/Servo_Drive.elf.dir/Src/dma.c.obj
 .debug_line    0x0000000000009395      0x257 CMakeFiles/Servo_Drive.elf.dir/Src/gpio.c.obj
 .debug_line    0x00000000000095ec      0x481 CMakeFiles/Servo_Drive.elf.dir/Src/main.c.obj
 .debug_line    0x0000000000009a6d      0x1c7 CMakeFiles/Servo_Drive.elf.dir/Src/stm32f4xx_hal_msp.c.obj
 .debug_line    0x0000000000009c34      0x38a CMakeFiles/Servo_Drive.elf.dir/Src/stm32f4xx_it.c.obj
 .debug_line    0x0000000000009fbe      0x290 CMakeFiles/Servo_Drive.elf.dir/Src/system_stm32f4xx.c.obj
 .debug_line    0x000000000000a24e      0x417 CMakeFiles/Servo_Drive.elf.dir/Src/usart.c.obj
 .debug_line    0x000000000000a665       0xb2 CMakeFiles/Servo_Drive.elf.dir/startup/startup_stm32f427xx.s.obj

.debug_str      0x0000000000000000     0x2f51
 .debug_str     0x0000000000000000      0xbf0 CMakeFiles/Servo_Drive.elf.dir/Drivers/STM32F4xx_HAL_Driver/Src/stm32f4xx_hal.c.obj
                                        0xc49 (size before relaxing)
 .debug_str     0x0000000000000bf0      0x4ed CMakeFiles/Servo_Drive.elf.dir/Drivers/STM32F4xx_HAL_Driver/Src/stm32f4xx_hal_cortex.c.obj
                                        0xccd (size before relaxing)
 .debug_str     0x00000000000010dd      0x56b CMakeFiles/Servo_Drive.elf.dir/Drivers/STM32F4xx_HAL_Driver/Src/stm32f4xx_hal_dma.c.obj
                                        0x7ca (size before relaxing)
 .debug_str     0x0000000000001648      0x20f CMakeFiles/Servo_Drive.elf.dir/Drivers/STM32F4xx_HAL_Driver/Src/stm32f4xx_hal_gpio.c.obj
                                        0x547 (size before relaxing)
 .debug_str     0x0000000000001857      0x352 CMakeFiles/Servo_Drive.elf.dir/Drivers/STM32F4xx_HAL_Driver/Src/stm32f4xx_hal_rcc.c.obj
                                        0x76d (size before relaxing)
 .debug_str     0x0000000000001ba9      0x82d CMakeFiles/Servo_Drive.elf.dir/Drivers/STM32F4xx_HAL_Driver/Src/stm32f4xx_hal_uart.c.obj
                                        0xdad (size before relaxing)
 .debug_str     0x00000000000023d6      0x5be CMakeFiles/Servo_Drive.elf.dir/Lib/Src/dynamixel2.c.obj
                                        0xc5c (size before relaxing)
 .debug_str     0x0000000000002994      0x240 CMakeFiles/Servo_Drive.elf.dir/Lib/Src/servo.c.obj
                                        0x8f6 (size before relaxing)
 .debug_str     0x0000000000002bd4       0x4a CMakeFiles/Servo_Drive.elf.dir/Src/dma.c.obj
                                        0x872 (size before relaxing)
 .debug_str     0x0000000000002c1e       0x4c CMakeFiles/Servo_Drive.elf.dir/Src/gpio.c.obj
                                        0x3ce (size before relaxing)
 .debug_str     0x0000000000002c6a       0x79 CMakeFiles/Servo_Drive.elf.dir/Src/main.c.obj
                                        0x59e (size before relaxing)
 .debug_str     0x0000000000002ce3       0x4c CMakeFiles/Servo_Drive.elf.dir/Src/stm32f4xx_hal_msp.c.obj
                                        0x31d (size before relaxing)
 .debug_str     0x0000000000002d2f      0x101 CMakeFiles/Servo_Drive.elf.dir/Src/stm32f4xx_it.c.obj
                                        0x740 (size before relaxing)
 .debug_str     0x0000000000002e30       0x76 CMakeFiles/Servo_Drive.elf.dir/Src/system_stm32f4xx.c.obj
                                        0x383 (size before relaxing)
 .debug_str     0x0000000000002ea6       0x4b CMakeFiles/Servo_Drive.elf.dir/Src/usart.c.obj
                                        0xe06 (size before relaxing)
 .debug_str     0x0000000000002ef1       0x60 CMakeFiles/Servo_Drive.elf.dir/startup/startup_stm32f427xx.s.obj
                                         0xa6 (size before relaxing)

.comment        0x0000000000000000       0x49
 .comment       0x0000000000000000       0x49 CMakeFiles/Servo_Drive.elf.dir/Drivers/STM32F4xx_HAL_Driver/Src/stm32f4xx_hal.c.obj
                                         0x4a (size before relaxing)
 .comment       0x0000000000000049       0x4a CMakeFiles/Servo_Drive.elf.dir/Drivers/STM32F4xx_HAL_Driver/Src/stm32f4xx_hal_cortex.c.obj
 .comment       0x0000000000000049       0x4a CMakeFiles/Servo_Drive.elf.dir/Drivers/STM32F4xx_HAL_Driver/Src/stm32f4xx_hal_dma.c.obj
 .comment       0x0000000000000049       0x4a CMakeFiles/Servo_Drive.elf.dir/Drivers/STM32F4xx_HAL_Driver/Src/stm32f4xx_hal_gpio.c.obj
 .comment       0x0000000000000049       0x4a CMakeFiles/Servo_Drive.elf.dir/Drivers/STM32F4xx_HAL_Driver/Src/stm32f4xx_hal_rcc.c.obj
 .comment       0x0000000000000049       0x4a CMakeFiles/Servo_Drive.elf.dir/Drivers/STM32F4xx_HAL_Driver/Src/stm32f4xx_hal_uart.c.obj
 .comment       0x0000000000000049       0x4a CMakeFiles/Servo_Drive.elf.dir/Lib/Src/dynamixel2.c.obj
 .comment       0x0000000000000049       0x4a CMakeFiles/Servo_Drive.elf.dir/Lib/Src/servo.c.obj
 .comment       0x0000000000000049       0x4a CMakeFiles/Servo_Drive.elf.dir/Src/dma.c.obj
 .comment       0x0000000000000049       0x4a CMakeFiles/Servo_Drive.elf.dir/Src/gpio.c.obj
 .comment       0x0000000000000049       0x4a CMakeFiles/Servo_Drive.elf.dir/Src/main.c.obj
 .comment       0x0000000000000049       0x4a CMakeFiles/Servo_Drive.elf.dir/Src/stm32f4xx_hal_msp.c.obj
 .comment       0x0000000000000049       0x4a CMakeFiles/Servo_Drive.elf.dir/Src/stm32f4xx_it.c.obj
 .comment       0x0000000000000049       0x4a CMakeFiles/Servo_Drive.elf.dir/Src/system_stm32f4xx.c.obj
 .comment       0x0000000000000049       0x4a CMakeFiles/Servo_Drive.elf.dir/Src/usart.c.obj

.debug_frame    0x0000000000000000     0x1660
 .debug_frame   0x0000000000000000      0x20c CMakeFiles/Servo_Drive.elf.dir/Drivers/STM32F4xx_HAL_Driver/Src/stm32f4xx_hal.c.obj
 .debug_frame   0x000000000000020c      0x148 CMakeFiles/Servo_Drive.elf.dir/Drivers/STM32F4xx_HAL_Driver/Src/stm32f4xx_hal_cortex.c.obj
 .debug_frame   0x0000000000000354      0x188 CMakeFiles/Servo_Drive.elf.dir/Drivers/STM32F4xx_HAL_Driver/Src/stm32f4xx_hal_dma.c.obj
 .debug_frame   0x00000000000004dc       0xd8 CMakeFiles/Servo_Drive.elf.dir/Drivers/STM32F4xx_HAL_Driver/Src/stm32f4xx_hal_gpio.c.obj
 .debug_frame   0x00000000000005b4      0x16c CMakeFiles/Servo_Drive.elf.dir/Drivers/STM32F4xx_HAL_Driver/Src/stm32f4xx_hal_rcc.c.obj
 .debug_frame   0x0000000000000720      0x5cc CMakeFiles/Servo_Drive.elf.dir/Drivers/STM32F4xx_HAL_Driver/Src/stm32f4xx_hal_uart.c.obj
 .debug_frame   0x0000000000000cec      0x3b4 CMakeFiles/Servo_Drive.elf.dir/Lib/Src/dynamixel2.c.obj
 .debug_frame   0x00000000000010a0      0x12c CMakeFiles/Servo_Drive.elf.dir/Lib/Src/servo.c.obj
 .debug_frame   0x00000000000011cc       0x2c CMakeFiles/Servo_Drive.elf.dir/Src/dma.c.obj
 .debug_frame   0x00000000000011f8       0x30 CMakeFiles/Servo_Drive.elf.dir/Src/gpio.c.obj
 .debug_frame   0x0000000000001228       0x58 CMakeFiles/Servo_Drive.elf.dir/Src/main.c.obj
 .debug_frame   0x0000000000001280       0x28 CMakeFiles/Servo_Drive.elf.dir/Src/stm32f4xx_hal_msp.c.obj
 .debug_frame   0x00000000000012a8       0xd8 CMakeFiles/Servo_Drive.elf.dir/Src/stm32f4xx_it.c.obj
 .debug_frame   0x0000000000001380       0x30 CMakeFiles/Servo_Drive.elf.dir/Src/system_stm32f4xx.c.obj
 .debug_frame   0x00000000000013b0       0x64 CMakeFiles/Servo_Drive.elf.dir/Src/usart.c.obj
 .debug_frame   0x0000000000001414       0x2c /opt/homebrew/Cellar/arm-none-eabi-gcc/10.3-2021.07/gcc/bin/../lib/gcc/arm-none-eabi/10.3.1/thumb/v7e-m/nofp/libgcc.a(_aeabi_uldivmod.o)
 .debug_frame   0x0000000000001440       0x34 /opt/homebrew/Cellar/arm-none-eabi-gcc/10.3-2021.07/gcc/bin/../lib/gcc/arm-none-eabi/10.3.1/thumb/v7e-m/nofp/libgcc.a(_udivmoddi4.o)
 .debug_frame   0x0000000000001474       0x2c /opt/homebrew/Cellar/arm-none-eabi-gcc/10.3-2021.07/gcc/bin/../lib/gcc/arm-none-eabi/10.3.1/../../../../arm-none-eabi/lib/thumb/v7e-m/nofp/libg.a(lib_a-init.o)
 .debug_frame   0x00000000000014a0       0x2c /opt/homebrew/Cellar/arm-none-eabi-gcc/10.3-2021.07/gcc/bin/../lib/gcc/arm-none-eabi/10.3.1/../../../../arm-none-eabi/lib/thumb/v7e-m/nofp/libg.a(lib_a-memset.o)
 .debug_frame   0x00000000000014cc       0x5c /opt/homebrew/Cellar/arm-none-eabi-gcc/10.3-2021.07/gcc/bin/../lib/gcc/arm-none-eabi/10.3.1/../../../../arm-none-eabi/lib/thumb/v7e-m/nofp/libg.a(lib_a-__call_atexit.o)
 .debug_frame   0x0000000000001528       0x20 /opt/homebrew/Cellar/arm-none-eabi-gcc/10.3-2021.07/gcc/bin/../lib/gcc/arm-none-eabi/10.3.1/../../../../arm-none-eabi/lib/thumb/v7e-m/nofp/libg.a(lib_a-atexit.o)
 .debug_frame   0x0000000000001548       0x34 /opt/homebrew/Cellar/arm-none-eabi-gcc/10.3-2021.07/gcc/bin/../lib/gcc/arm-none-eabi/10.3.1/../../../../arm-none-eabi/lib/thumb/v7e-m/nofp/libg.a(lib_a-fini.o)
 .debug_frame   0x000000000000157c       0xb0 /opt/homebrew/Cellar/arm-none-eabi-gcc/10.3-2021.07/gcc/bin/../lib/gcc/arm-none-eabi/10.3.1/../../../../arm-none-eabi/lib/thumb/v7e-m/nofp/libg.a(lib_a-lock.o)
 .debug_frame   0x000000000000162c       0x34 /opt/homebrew/Cellar/arm-none-eabi-gcc/10.3-2021.07/gcc/bin/../lib/gcc/arm-none-eabi/10.3.1/../../../../arm-none-eabi/lib/thumb/v7e-m/nofp/libg.a(lib_a-__atexit.o)
